// Jest Snapshot v1, https://goo.gl/fbAQLP

exports[`renders styles accordingly 1`] = `
<div>
  <div
    class="App"
  >
    <h1>
      Add New Animal
    </h1>
    <div
      class="animal-form"
    >
      <form>
        <label
          for="species"
        >
          Species:
        </label>
        <input
          id="species"
          name="species"
          type="text"
        />
        <label
          for="age"
        >
          Age:
        </label>
        <input
          id="age"
          name="age"
          type="text"
        />
        <label
          for="notes"
        >
          Notes:
        </label>
        <textarea
          id="notes"
          name="notes"
          type="text"
        />
        <button>
          Submit!
        </button>
      </form>
      <h4>
        Current Animals
      </h4>
      <p>
        Lion
      </p>
    </div>
  </div>
</div>
`;
